
> pollu-aware-ai@0.0.0 build
> vite build

[36mvite v8.0.1 [32mbuilding client environment for production...[36m[39m
[2K
transforming...Γ£ô 1806 modules transformed.
node.exe : 
[31mΓ£ù[39m Build 
failed in 3.55s
At line:1 char:1
+ & "C:\Program 
Files\nodejs/node.exe" 
"C:\Program 
Files\nodejs/node_mo 
...
+ ~~~~~~~~~~~~~~~~~~~~~
~~~~~~~~~~~~~~~~~~~~~~~
~~~~~~~~~~~~~~~~~~~~~~~
~~
    + CategoryInfo     
         : NotSpecifi  
  ed: ([31mΓ£ù[39m   
  Build failed in 3    
.55s:String) [], R    
emoteException
    + FullyQualifiedEr 
   rorId : NativeComm  
  andError
 
[31merror during 
build:
[31mBuild failed with 
1 error:

[31m[builtin:vite-tran
sform] Error:[0m 
Unexpected token. Did 
you mean `{'>'}` or 
`&gt;`?
     [38;5;246mΓò¡[0m
[38;5;246mΓöÇ[0m[38;
5;246m[[0m src/pages/c
itizen/SmartRoute.jsx:1
77:95 [38;5;246m][0m
     [38;5;246mΓöé[0m
 [38;5;246m177 
Γöé[0m [38;5;249m 
[0m[38;5;249m 
[0m[38;5;249m 
[0m[38;5;249m 
[0m[38;5;249m 
[0m[38;5;249m 
[0m[38;5;249m 
[0m[38;5;249m 
[0m[38;5;249m 
[0m[38;5;249m 
[0m[38;5;249m 
[0m[38;5;249m 
[0m[38;5;249m 
[0m[38;5;249m 
[0m[38;5;249m 
[0m[38;5;249m 
[0m[38;5;249m 
[0m[38;5;249m 
[0m[38;5;249m 
[0m[38;5;249m 
[0m[38;5;249m [0m[3
8;5;249m<[0m[38;5;249
mp[0m[38;5;249m [0m
[38;5;249mc[0m[38;5;2
49ml[0m[38;5;249ma[0
m[38;5;249ms[0m[38;5
;249ms[0m[38;5;249mN
[0m[38;5;249ma[0m[38
;5;249mm[0m[38;5;249m
e[0m[38;5;249m=[0m[
38;5;249m"[0m[38;5;24
9mt[0m[38;5;249me[0m
[38;5;249mx[0m[38;5;
249mt[0m[38;5;249m-[
0m[38;5;249mx[0m[38;
5;249ms[0m[38;5;249m 
[0m[38;5;249mm[0m[3
8;5;249mt[0m[38;5;249
m-[0m[38;5;249m1[0m
[38;5;249m [0m[38;5;2
49mt[0m[38;5;249me[0
m[38;5;249mx[0m[38;5
;249mt[0m[38;5;249m-
[0m[38;5;249mr[0m[38
;5;249me[0m[38;5;249m
d[0m[38;5;249m-[0m[
38;5;249m5[0m[38;5;24
9m0[0m[38;5;249m0[0m
[38;5;249m"[0m[38;5;
249m>[0m[38;5;249mC[
0m[38;5;249mr[0m[38;
5;249mo[0m[38;5;249ms
[0m[38;5;249ms[0m[3
8;5;249me[0m[38;5;249
ms[0m[38;5;249m [0m
[38;5;249m2[0m[38;5;2
49m [0m[38;5;249mS[0
m[38;5;249me[0m[38;5
;249mv[0m[38;5;249me
[0m[38;5;249mr[0m[38
;5;249me[0m[38;5;249m
 [0m[38;5;249mR[0m[
38;5;249me[0m[38;5;24
9md[0m[38;5;249m [0m
[38;5;249mZ[0m[38;5;
249mo[0m[38;5;249mn[
0m[38;5;249me[0m[38;
5;249ms[0m[38;5;249m 
[0m[38;5;249m([0m[3
8;5;249mA[0m[38;5;249
mQ[0m[38;5;249mI[0m
[38;5;249m [0m[38;5;2
49m>[0m[38;5;249m [0
m[38;5;249m3[0m[38;5
;249m0[0m[38;5;249m0
[0m[38;5;249m)[0m[38
;5;249m.[0m[38;5;249m
<[0m[38;5;249m/[0m[
38;5;249mp[0m[38;5;24
9m>[0m
 [38;5;240m    
Γöé[0m                
                       
                       
                       
          Γöé 
 [38;5;240m    
Γöé[0m                
                       
                       
                       
          Γò░ΓöÇ 
[38;5;246mΓöÇΓöÇΓöÇΓöÇ
ΓöÇΓò»[0m
[31m
    at aggregateBinding
ErrorsIntoJsError (file
:///F:/Kinshuk/Pollu%20
Aware%20AI/node_modules
/rolldown/dist/shared/e
rror-BO4SlZV_.mjs:48:18
)
    at 
unwrapBindingResult (fi
le:///F:/Kinshuk/Pollu%
20Aware%20AI/node_modul
es/rolldown/dist/shared
/error-BO4SlZV_.mjs:18:
128)
    at #build (file:///
F:/Kinshuk/Pollu%20Awar
e%20AI/node_modules/rol
ldown/dist/shared/rolld
own-build-yQC7KN8K.mjs:
3311:34)
    at async 
buildEnvironment (file:
///F:/Kinshuk/Pollu%20A
ware%20AI/node_modules/
vite/dist/node/chunks/n
ode.js:32817:64)
    at async 
Object.build (file:///F
:/Kinshuk/Pollu%20Aware
%20AI/node_modules/vite
/dist/node/chunks/node.
js:33239:19)
    at async 
Object.buildApp (file:/
//F:/Kinshuk/Pollu%20Aw
are%20AI/node_modules/v
ite/dist/node/chunks/no
de.js:33236:153)
    at async 
CAC.<anonymous> (file:/
//F:/Kinshuk/Pollu%20Aw
are%20AI/node_modules/v
ite/dist/node/cli.js:77
8:3) {
  errors: 
[Getter/Setter]
}[39m
